// Jest Snapshot v1, https://goo.gl/fbAQLP

exports[`ProductTitle debe de mostrar el componente con el nombre de producto 1`] = `
<div
  className="productCard undefined"
>
  <span
    className="productDescription undefined"
  >
    Coffee Mug - Sin Imagen
  </span>
</div>
`;

exports[`ProductTitle debe demostrar el componente correctamente con el t√≠tulo personalizado 1`] = `
<span
  className="productDescription undefined"
>
  Custom Product
</span>
`;
